#! /usr/local/bin/vvp
:ivl_version "11.0 (stable)" "(v11_0-132-gb2f2414f4)";
:ivl_delay_selection "TYPICAL";
:vpi_time_precision - 12;
:vpi_module "/usr/local/lib/ivl/system.vpi";
:vpi_module "/usr/local/lib/ivl/vhdl_sys.vpi";
:vpi_module "/usr/local/lib/ivl/vhdl_textio.vpi";
:vpi_module "/usr/local/lib/ivl/v2005_math.vpi";
:vpi_module "/usr/local/lib/ivl/va_math.vpi";
:vpi_module "/usr/local/lib/ivl/v2009.vpi";
S_0x5579631b5750 .scope package, "$unit" "$unit" 2 1;
 .timescale 0 0;
S_0x5579631b58e0 .scope module, "testMuliplexor" "testMuliplexor" 3 3;
 .timescale -9 -12;
P_0x5579631a3870 .param/l "INPUT_WIDTH" 1 3 4, +C4<00000000000000000000000000001000>;
P_0x5579631a38b0 .param/l "SELECT_WIDTH" 1 3 5, +C4<00000000000000000000000000000011>;
v0x5579631ca760_0 .var "multiplexorIn", 7 0;
v0x5579631ca850_0 .net "multiplexorOut", 0 0, L_0x5579631caa20;  1 drivers
v0x5579631ca920_0 .var "multiplexorSel", 2 0;
S_0x55796317c1d0 .scope begin, "$ivl_for_loop0" "$ivl_for_loop0" 3 15, 3 15 0, S_0x5579631b58e0;
 .timescale -9 -12;
v0x55796317c3b0_0 .var/2s "i", 31 0;
S_0x5579631ca0e0 .scope module, "dut" "multiplexor" 3 11, 4 1 0, S_0x5579631b58e0;
 .timescale 0 0;
    .port_info 0 /INPUT 8 "multiplexorIn";
    .port_info 1 /INPUT 3 "multiplexorSel";
    .port_info 2 /OUTPUT 1 "multiplexorOut";
P_0x5579631a36c0 .param/l "INPUT_WIDTH" 0 4 2, +C4<00000000000000000000000000001000>;
P_0x5579631a3700 .param/l "SELECT_WIDTH" 0 4 3, +C4<00000000000000000000000000000011>;
v0x5579631ca430_0 .net "multiplexorIn", 7 0, v0x5579631ca760_0;  1 drivers
v0x5579631ca530_0 .net "multiplexorOut", 0 0, L_0x5579631caa20;  alias, 1 drivers
v0x5579631ca5f0_0 .net "multiplexorSel", 2 0, v0x5579631ca920_0;  1 drivers
L_0x5579631caa20 .part/v v0x5579631ca760_0, v0x5579631ca920_0, 1;
    .scope S_0x5579631b58e0;
T_0 ;
    %pushi/vec4 255, 0, 8;
    %store/vec4 v0x5579631ca760_0, 0, 8;
    %pushi/vec4 0, 0, 3;
    %store/vec4 v0x5579631ca920_0, 0, 3;
    %end;
    .thread T_0, $init;
    .scope S_0x5579631b58e0;
T_1 ;
    %vpi_call/w 3 14 "$monitor", "in = %b, sel = %b, out = %b", v0x5579631ca760_0, v0x5579631ca920_0, v0x5579631ca850_0 {0 0 0};
    %fork t_1, S_0x55796317c1d0;
    %jmp t_0;
    .scope S_0x55796317c1d0;
t_1 ;
    %pushi/vec4 0, 0, 32;
    %store/vec4 v0x55796317c3b0_0, 0, 32;
T_1.0 ;
    %load/vec4 v0x55796317c3b0_0;
    %cmpi/s 8, 0, 32;
    %jmp/0xz T_1.1, 5;
    %delay 4000, 0;
    %load/vec4 v0x55796317c3b0_0;
    %pad/s 3;
    %store/vec4 v0x5579631ca920_0, 0, 3;
    ; show_stmt_assign_vector: Get l-value for compressed += operand
    %load/vec4 v0x55796317c3b0_0;
    %pushi/vec4 1, 0, 32;
    %add;
    %cast2;
    %store/vec4 v0x55796317c3b0_0, 0, 32;
    %jmp T_1.0;
T_1.1 ;
    %end;
    .scope S_0x5579631b58e0;
t_0 %join;
    %vpi_call/w 3 19 "$finish" {0 0 0};
    %end;
    .thread T_1;
# The file index is used to find the file name in the following table.
:file_names 5;
    "N/A";
    "<interactive>";
    "-";
    "testMultiplexor.sv";
    "multiplexor.sv";
