#! /usr/local/bin/vvp
:ivl_version "11.0 (stable)" "(v11_0-132-gb2f2414f4)";
:ivl_delay_selection "TYPICAL";
:vpi_time_precision - 12;
:vpi_module "/usr/local/lib/ivl/system.vpi";
:vpi_module "/usr/local/lib/ivl/vhdl_sys.vpi";
:vpi_module "/usr/local/lib/ivl/vhdl_textio.vpi";
:vpi_module "/usr/local/lib/ivl/v2005_math.vpi";
:vpi_module "/usr/local/lib/ivl/va_math.vpi";
:vpi_module "/usr/local/lib/ivl/v2009.vpi";
S_0x559e0e707a80 .scope package, "$unit" "$unit" 2 1;
 .timescale 0 0;
S_0x559e0e707c10 .scope module, "testDecoder" "testDecoder" 3 4;
 .timescale -9 -12;
P_0x559e0e6f57d0 .param/l "INPUT_WIDTH" 1 3 6, +C4<00000000000000000000000000000011>;
P_0x559e0e6f5810 .param/l "OUTPUT_WIDTH" 1 3 5, +C4<00000000000000000000000000001000>;
v0x559e0e71f6b0_0 .var "decoderIn", 2 0;
v0x559e0e71f7a0_0 .net "decoderOut", 7 0, v0x559e0e71f570_0;  1 drivers
v0x559e0e71f870_0 .var "outputSum", 2 0;
S_0x559e0e6ce1d0 .scope begin, "$ivl_for_loop0" "$ivl_for_loop0" 3 17, 3 17 0, S_0x559e0e707c10;
 .timescale -9 -12;
v0x559e0e71efa0_0 .var/2s "i", 31 0;
S_0x559e0e6ce3b0 .scope begin, "$ivl_for_loop1" "$ivl_for_loop1" 3 21, 3 21 0, S_0x559e0e6ce1d0;
 .timescale -9 -12;
v0x559e0e6ce590_0 .var/2s "j", 31 0;
S_0x559e0e71f0a0 .scope module, "dut" "decoder" 3 10, 4 6 0, S_0x559e0e707c10;
 .timescale 0 0;
    .port_info 0 /INPUT 3 "decoderIn";
    .port_info 1 /OUTPUT 8 "decoderOut";
P_0x559e0e6f8840 .param/l "INPUT_WIDTH" 0 4 8, +C4<00000000000000000000000000000011>;
P_0x559e0e6f8880 .param/l "OUTPUT_WIDTH" 0 4 7, +C4<00000000000000000000000000001000>;
v0x559e0e71f470_0 .net "decoderIn", 2 0, v0x559e0e71f6b0_0;  1 drivers
v0x559e0e71f570_0 .var "decoderOut", 7 0;
E_0x559e0e6e2c90 .event edge, v0x559e0e71f470_0;
    .scope S_0x559e0e71f0a0;
T_0 ;
Ewait_0 .event/or E_0x559e0e6e2c90, E_0x0;
    %wait Ewait_0;
    %pushi/vec4 0, 0, 8;
    %store/vec4 v0x559e0e71f570_0, 0, 8;
    %pushi/vec4 1, 0, 1;
    %ix/getv 4, v0x559e0e71f470_0;
    %store/vec4 v0x559e0e71f570_0, 4, 1;
    %jmp T_0;
    .thread T_0, $push;
    .scope S_0x559e0e707c10;
T_1 ;
    %pushi/vec4 0, 0, 3;
    %store/vec4 v0x559e0e71f6b0_0, 0, 3;
    %vpi_call/w 3 16 "$monitor", "decoderIn %b, decoderOut %b", v0x559e0e71f6b0_0, v0x559e0e71f7a0_0 {0 0 0};
    %fork t_1, S_0x559e0e6ce1d0;
    %jmp t_0;
    .scope S_0x559e0e6ce1d0;
t_1 ;
    %pushi/vec4 0, 0, 32;
    %store/vec4 v0x559e0e71efa0_0, 0, 32;
T_1.0 ;
    %load/vec4 v0x559e0e71efa0_0;
    %cmpi/s 8, 0, 32;
    %jmp/0xz T_1.1, 5;
    %load/vec4 v0x559e0e71efa0_0;
    %pad/s 3;
    %store/vec4 v0x559e0e71f6b0_0, 0, 3;
    %pushi/vec4 0, 0, 3;
    %store/vec4 v0x559e0e71f870_0, 0, 3;
    %delay 4000, 0;
    %fork t_3, S_0x559e0e6ce3b0;
    %jmp t_2;
    .scope S_0x559e0e6ce3b0;
t_3 ;
    %pushi/vec4 0, 0, 32;
    %store/vec4 v0x559e0e6ce590_0, 0, 32;
T_1.2 ;
    %load/vec4 v0x559e0e6ce590_0;
    %cmpi/s 8, 0, 32;
    %jmp/0xz T_1.3, 5;
    %load/vec4 v0x559e0e71f7a0_0;
    %load/vec4 v0x559e0e6ce590_0;
    %part/s 1;
    %cmpi/e 1, 0, 1;
    %jmp/0xz  T_1.4, 4;
    ; show_stmt_assign_vector: Get l-value for compressed += operand
    %load/vec4 v0x559e0e71f870_0;
    %load/vec4 v0x559e0e6ce590_0;
    %pad/u 3;
    %add;
    %store/vec4 v0x559e0e71f870_0, 0, 3;
T_1.4 ;
    ; show_stmt_assign_vector: Get l-value for compressed += operand
    %load/vec4 v0x559e0e6ce590_0;
    %pushi/vec4 1, 0, 32;
    %add;
    %cast2;
    %store/vec4 v0x559e0e6ce590_0, 0, 32;
    %jmp T_1.2;
T_1.3 ;
    %end;
    .scope S_0x559e0e6ce1d0;
t_2 %join;
    %load/vec4 v0x559e0e71f6b0_0;
    %load/vec4 v0x559e0e71f870_0;
    %cmp/ne;
    %jmp/0xz  T_1.6, 4;
    %vpi_call/w 3 24 "$display", "Whoops decoderIn = %b, decoderOut = %b, outputSum = %b", v0x559e0e71f6b0_0, v0x559e0e71f7a0_0, v0x559e0e71f870_0 {0 0 0};
T_1.6 ;
    ; show_stmt_assign_vector: Get l-value for compressed += operand
    %load/vec4 v0x559e0e71efa0_0;
    %pushi/vec4 1, 0, 32;
    %add;
    %cast2;
    %store/vec4 v0x559e0e71efa0_0, 0, 32;
    %jmp T_1.0;
T_1.1 ;
    %end;
    .scope S_0x559e0e707c10;
t_0 %join;
    %delay 4000, 0;
    %vpi_call/w 3 28 "$finish" {0 0 0};
    %end;
    .thread T_1;
# The file index is used to find the file name in the following table.
:file_names 5;
    "N/A";
    "<interactive>";
    "-";
    "testDecoder.sv";
    "decoder.sv";
